###############################################################################
#
# IAR ELF Linker V9.10.2.313/W64 for ARM                  08/Jul/2021  19:51:52
# Copyright 2007-2021 IAR Systems AB.
#
#    Output file  =  E:\MCP\RTOS\project\Debug\Exe\rtos.out
#    Map file     =  E:\MCP\RTOS\project\Debug\List\rtos.map
#    Command line =
#        -f E:\MCP\RTOS\project\Debug\Exe\rtos.out.rsp
#        (E:\MCP\RTOS\project\Debug\Obj\source\main.o
#        E:\MCP\RTOS\project\Debug\Obj\source\modules\os.o
#        E:\MCP\RTOS\project\Debug\Obj\startup\startup_MKL46Z4.o
#        E:\MCP\RTOS\project\Debug\Obj\startup\system_MKL46Z4.o
#        E:\MCP\RTOS\project\Debug\Obj\source\modules\Timer.o
#        --no_out_extension -o E:\MCP\RTOS\project\Debug\Exe\rtos.out --map
#        E:\MCP\RTOS\project\Debug\List\rtos.map --config "D:\Install\Program
#        Files\IAR Systems\Embedded Workbench
#        9.0\arm\config\linker\NXP\MKL46Z256xxx4.icf" --semihosting --entry
#        __iar_program_start --vfe --text_out locale)
#
###############################################################################

*******************************************************************************
*** RUNTIME MODEL ATTRIBUTES
***

CppFlavor       = *
__Heap_Handler  = Basic
__SystemLibrary = DLib
__dlib_version  = 6


*******************************************************************************
*** HEAP SELECTION
***

The basic heap was selected because some modules are built with
size limitations (and not runtime checking), and --advanced_heap
was not specified.


*******************************************************************************
*** PLACEMENT SUMMARY
***

"A0":  place at address 0x0 { ro section .intvec };
"P1":  place in [from 0x0 to 0x3ff] |
                [from 0x410 to 0x3'ffff] { ro };
define block CSTACK with size = 2K, alignment = 8 { };
define block HEAP with size = 4K, alignment = 8 { };
"P3":  place in [from 0x1fff'e000 to 0x1fff'ffff] |
                [from 0x2000'0000 to 0x2000'5fff] {
          rw, block CSTACK, block HEAP };
"P5":  place in [from 0x400 to 0x40f] { section FlashConfig };
initialize by copy { rw };

No sections matched the following patterns:

  ro section application_specific_ro  in "P2|P4"
  rw section application_specific_rw  in "P2|P4"


  Section            Kind         Address    Size  Object
  -------            ----         -------    ----  ------
"A0":                                        0xc0
  .intvec            ro code          0x0    0xc0  startup_MKL46Z4.o [3]
                                   - 0xc0    0xc0

"P1", part 1 of 2:                          0x134
  .text              ro code         0xc0   0x12c  heap0.o [4]
  Initializer bytes  const          0x1ec     0x8  <for P3 s0>
                                  - 0x1f4   0x134

"P5":                                        0x10
  FlashConfig        ro code        0x400    0x10  startup_MKL46Z4.o [3]
                                  - 0x410    0x10

"P1", part 2 of 2:                          0x8b2
  .text              ro code        0x410   0x310  main.o [1]
  .text              ro code        0x720   0x170  os.o [2]
  .text              ro code        0x890   0x24c  Timer.o [2]
  .text              ro code        0xadc    0x2c  xgetmemchunk.o [4]
  .text              ro code        0xb08    0x3c  zero_init3.o [5]
  .text              ro code        0xb44    0x30  copy_init3.o [5]
  .text              ro code        0xb74    0x28  data_init.o [5]
  .text              ro code        0xb9c    0x24  startup_MKL46Z4.o [3]
  .iar.init_table    const          0xbc0    0x24  - Linker created -
  .text              ro code        0xbe4    0x1e  cmain.o [5]
  .text              ro code        0xc02     0x4  low_level_init.o [4]
  .text              ro code        0xc06     0x8  exit.o [4]
  .text              ro code        0xc0e     0x2  startup_MKL46Z4.o [3]
  .text              ro code        0xc10     0xa  cexit.o [5]
  .text              ro code        0xc1a     0x2  startup_MKL46Z4.o [3]
  .text              ro code        0xc1c    0x14  exit.o [6]
  .text              ro code        0xc30    0x1c  cstartup_M.o [5]
  .text              ro code        0xc4c     0xc  system_MKL46Z4.o [3]
  .text              ro code        0xc58     0x8  startup_MKL46Z4.o [3]
  .text              ro code        0xc60     0x8  startup_MKL46Z4.o [3]
  .text              ro code        0xc68     0x8  startup_MKL46Z4.o [3]
  .text              ro code        0xc70     0x8  startup_MKL46Z4.o [3]
  .text              ro code        0xc78     0x8  startup_MKL46Z4.o [3]
  .text              ro code        0xc80     0x8  startup_MKL46Z4.o [3]
  .text              ro code        0xc88     0x8  startup_MKL46Z4.o [3]
  .text              ro code        0xc90     0x8  startup_MKL46Z4.o [3]
  .text              ro code        0xc98     0x8  startup_MKL46Z4.o [3]
  .text              ro code        0xca0     0x8  startup_MKL46Z4.o [3]
  .text              ro code        0xca8     0x8  startup_MKL46Z4.o [3]
  .text              ro code        0xcb0     0x8  startup_MKL46Z4.o [3]
  .text              ro code        0xcb8     0x8  startup_MKL46Z4.o [3]
  .text              ro code        0xcc0     0x2  startup_MKL46Z4.o [3]
  .rodata            const          0xcc2     0x0  zero_init3.o [5]
  .rodata            const          0xcc2     0x0  copy_init3.o [5]
                                  - 0xcc2   0x8b2

"P3", part 1 of 3:                            0x8
  P3 s0                       0x1fff'e000     0x8  <Init block>
    .data            inited   0x1fff'e000     0x4  os.o [2]
    .data            inited   0x1fff'e004     0x1  main.o [1]
                            - 0x1fff'e008     0x8

"P3", part 2 of 3:                           0x74
  .bss               zero     0x1fff'e008    0x50  os.o [2]
  .bss               zero     0x1fff'e058    0x14  Timer.o [2]
  .bss               zero     0x1fff'e06c     0x8  heap0.o [4]
  .bss               zero     0x1fff'e074     0x4  xgetmemchunk.o [4]
  .bss               zero     0x1fff'e078     0x1  main.o [1]
  .bss               zero     0x1fff'e079     0x1  main.o [1]
  .bss               zero     0x1fff'e07a     0x1  Timer.o [2]
                            - 0x1fff'e07b    0x73

"P3", part 3 of 3:                         0x1800
  CSTACK                      0x1fff'e080   0x800  <Block>
    CSTACK           uninit   0x1fff'e080   0x800  <Block tail>
  HEAP                        0x1fff'e880  0x1000  <Block>
    HEAP             uninit   0x1fff'e880  0x1000  <Block tail>
                            - 0x1fff'f880  0x1800

Unused ranges:

         From           To      Size
         ----           --      ----
        0x1f4        0x3ff     0x20c
        0xcc2     0x3'ffff  0x3'f33e
  0x1fff'e07c  0x1fff'e07f       0x4
  0x1fff'f880  0x1fff'ffff     0x780
  0x2000'0000  0x2000'5fff    0x6000


*******************************************************************************
*** INIT TABLE
***

          Address      Size
          -------      ----
Zero (__iar_zero_init3)
    1 destination range, total size 0x73:
          0x1fff'e008  0x73

Copy (__iar_copy_init3)
    1 source range, total size 0x8 (160% of destination):
                0x1ec   0x8
    1 destination range, total size 0x5:
          0x1fff'e000   0x5



*******************************************************************************
*** MODULE SUMMARY
***

    Module             ro code  ro data  rw data
    ------             -------  -------  -------
command line/config:
    --------------------------------------------
    Total:

E:\MCP\RTOS\project\Debug\Obj\source: [1]
    main.o                 784        1        3
    --------------------------------------------
    Total:                 784        1        3

E:\MCP\RTOS\project\Debug\Obj\source\modules: [2]
    Timer.o                588                21
    os.o                   368        4       84
    --------------------------------------------
    Total:                 956        4      105

E:\MCP\RTOS\project\Debug\Obj\startup: [3]
    startup_MKL46Z4.o      354
    system_MKL46Z4.o        12
    --------------------------------------------
    Total:                 366

dl6M_tln.a: [4]
    exit.o                   8
    heap0.o                300                 8
    low_level_init.o         4
    xgetmemchunk.o          44                 4
    --------------------------------------------
    Total:                 356                12

rt6M_tl.a: [5]
    cexit.o                 10
    cmain.o                 30
    copy_init3.o            48
    cstartup_M.o            28
    data_init.o             40
    zero_init3.o            60
    --------------------------------------------
    Total:                 216

shb_l.a: [6]
    exit.o                  20
    --------------------------------------------
    Total:                  20

    Linker created                   39    6'144
------------------------------------------------
    Grand Total:         2'698       44    6'264


*******************************************************************************
*** ENTRY LIST
***

Entry                       Address  Size  Type      Object
-----                       -------  ----  ----      ------
.iar.init_table$$Base         0xbc0         --   Gb  - Linker created -
.iar.init_table$$Limit        0xbe4         --   Gb  - Linker created -
?main                         0xbe5        Code  Gb  cmain.o [5]
Aldata                  0x1fff'e06c   0x8  Data  Lc  heap0.o [4]
Board_LedInit                 0x511  0x4e  Code  Lc  main.o [1]
CSTACK$$Base            0x1fff'e080         --   Gb  - Linker created -
CSTACK$$Limit           0x1fff'e880         --   Gb  - Linker created -
CreateStack                   0x7b7  0x22  Code  Lc  os.o [2]
GPIO_PinInit                  0x4eb  0x26  Code  Lc  main.o [1]
GPIO_TogglePin                0x4df   0xc  Code  Lc  main.o [1]
GPIO_WritePin                 0x4bf  0x20  Code  Lc  main.o [1]
GreenLed                      0x58f  0x18  Code  Gb  main.o [1]
GreenLedToggle                0x583   0xc  Code  Gb  main.o [1]
HEAP$$Base              0x1fff'e880         --   Gb  - Linker created -
HEAP$$Limit             0x1fff'f880         --   Gb  - Linker created -
NVIC_EnableIRQ                0x411   0xe  Code  Lc  main.o [1]
NVIC_EnableIRQ                0x891   0xe  Code  Lc  Timer.o [2]
NVIC_SetPriority              0x41f  0x8c  Code  Lc  main.o [1]
NVIC_SetPriority              0x89f  0x8c  Code  Lc  Timer.o [2]
OS_ChangeSP                   0x561   0x6  Code  Lc  main.o [1]
OS_CreateTask                 0x721  0x96  Code  Gb  os.o [2]
OS_GetPSP                     0x853  0x10  Code  Gb  os.o [2]
OS_GetPSPAddress              0x863   0xe  Code  Lc  os.o [2]
OS_SavePrevState              0x7fd  0x28  Code  Gb  os.o [2]
OS_SetPSPVal                  0x569   0xe  Code  Lc  main.o [1]
OS_SetPendingSVC              0x871  0x10  Code  Gb  os.o [2]
OS_Tasks                0x1fff'e008  0x50  Data  Gb  os.o [2]
OS_UnstackingSW               0x825  0x2e  Code  Gb  os.o [2]
PORT_SetMux                   0x4ab  0x14  Code  Lc  main.o [1]
PendSV_Handler                0x611  0xa6  Code  Gb  main.o [1]
RedLed                        0x5a7  0x18  Code  Gb  main.o [1]
RedLedToggle                  0x577   0xc  Code  Gb  main.o [1]
Region$$Table$$Base           0xbc0         --   Gb  - Linker created -
Region$$Table$$Limit          0xbe4         --   Gb  - Linker created -
SetDefaultStackFrame          0x7d9  0x22  Code  Lc  os.o [2]
SysTick_Config                0x92b  0x30  Code  Lc  Timer.o [2]
SysTick_Handler               0x9d7  0xde  Code  Gb  Timer.o [2]
SystemInit                    0xc4d   0x8  Code  Gb  system_MKL46Z4.o [3]
Timer_Chnls             0x1fff'e058  0x14  Data  Gb  Timer.o [2]
Timer_InitChannel             0x96d  0x38  Code  Gb  Timer.o [2]
Timer_InitSWTimer             0x95b  0x12  Code  Gb  Timer.o [2]
Timer_StartChannel            0x9a5  0x32  Code  Gb  Timer.o [2]
__Vectors                       0x0         --   Gb  startup_MKL46Z4.o [3]
__Vectors_End                  0xc0        Data  Gb  startup_MKL46Z4.o [3]
__Vectors_Size {Abs}           0xc0         --   Gb  startup_MKL46Z4.o [3]
__basic_free_intern           0x171  0x76  Code  Lc  heap0.o [4]
__basic_malloc                 0xc1  0x18  Code  Gb  heap0.o [4]
__basic_malloc_intern          0xd9  0x98  Code  Lc  heap0.o [4]
__cmain                       0xbe5        Code  Gb  cmain.o [5]
__data_GetMemChunk            0xadd  0x2c  Code  Gb  xgetmemchunk.o [4]
__data_GetMemChunk::start
                        0x1fff'e074   0x4  Data  Lc  xgetmemchunk.o [4]
__exit                        0xc1d  0x14  Code  Gb  exit.o [6]
__iar_copy_init3              0xb45  0x30  Code  Gb  copy_init3.o [5]
__iar_data_init3              0xb75  0x28  Code  Gb  data_init.o [5]
__iar_program_start           0xc31        Code  Gb  cstartup_M.o [5]
__iar_zero_init3              0xb09  0x3c  Code  Gb  zero_init3.o [5]
__low_level_init              0xc03   0x4  Code  Gb  low_level_init.o [4]
__vector_table                  0x0        Data  Gb  startup_MKL46Z4.o [3]
__vector_table_0x1c            0x1c        Data  Gb  startup_MKL46Z4.o [3]
_call_main                    0xbf1        Code  Gb  cmain.o [5]
_exit                         0xc11        Code  Gb  cexit.o [5]
exit                          0xc07   0x8  Code  Gb  exit.o [4]
g_ActiveChannels        0x1fff'e07a   0x1  Data  Lc  Timer.o [2]
g_u32CurrStacksEnd      0x1fff'e000   0x4  Data  Lc  os.o [2]
g_u8CurrentTask         0x1fff'e004   0x1  Data  Gb  main.o [1]
g_u8Task1ID             0x1fff'e078   0x1  Data  Gb  main.o [1]
g_u8Task2ID             0x1fff'e079   0x1  Data  Gb  main.o [1]
main                          0x5bf  0x52  Code  Gb  main.o [1]
scheduler                     0x6b7  0x22  Code  Gb  main.o [1]


[1] = E:\MCP\RTOS\project\Debug\Obj\source
[2] = E:\MCP\RTOS\project\Debug\Obj\source\modules
[3] = E:\MCP\RTOS\project\Debug\Obj\startup
[4] = dl6M_tln.a
[5] = rt6M_tl.a
[6] = shb_l.a

  2'698 bytes of readonly  code memory
     44 bytes of readonly  data memory
  6'264 bytes of readwrite data memory

Errors: none
Warnings: none
